// Jest Snapshot v1, https://goo.gl/fbAQLP

exports[`pathological fixture config schema violations abort the load 1`] = `
"ERROR CL0201 compile.cl.yaml
  Unknown key "report" under "structure".
  hint: Did you mean "reports"?
ERROR CL0210 compile.cl.yaml
  Unknown key "notesTemplate" at the top level.
  hint: "notesTemplate" is valid under "render:" — did you mean to nest it there?
ERROR CL0201 compile.cl.yaml
  Unknown key "placeholder" at the top level.
  hint: Did you mean "placeholders"?"
`;

exports[`pathological fixture placement invariants and latent placeholder content 1`] = `
"WARN CL0322 Codex/items.cl.yaml
  item "Ghost" has neither aid.type nor render.template
WARN CL0322 Codex/items.cl.yaml
  item "Silent" has neither aid.type nor render.template
ERROR CL0532 Codex/items.cl.yaml
  undeclared placeholder "%ghostName%" in item "Greeter" rendering into plotEssential slot "cast" on branch "open" — Velvet Lattice substitutes only declared keys, so this reaches the AI as the literal text "%ghostName%".
  hint: Declared on this branch: heroName, altName, neverUsed.
ERROR CL0532 Codex/items.cl.yaml
  undeclared placeholder "%ghostName%" in story card "Greeter" on branch "open" — Velvet Lattice substitutes only declared keys, so this reaches the AI as the literal text "%ghostName%".
  hint: Declared on this branch: heroName, altName, neverUsed.
ERROR CL0610 Codex/items.cl.yaml
  item "Silent" resolves on branch "open" but produces no output there: storyCard is false and no declared target placed it. Exclude it from the branch with "branches:" if that is what was meant.
ERROR CL0611 Codex/items.cl.yaml
  item "Typo" targets slot "casst" in Plot Essentials on branch "open", which declares no such slot. Declared here: cast, party.
ERROR CL0612 Codex/items.cl.yaml
  item "NotASlot" targets "genre" in Plot Essentials, which is a section but not a slot — only a section declaring "slot: true" can hold items.
ERROR CL0611 Codex/items.cl.yaml
  item "IntoPassthrough" targets slot "rules" in AI Instructions, which is prose copied verbatim and declares no slots. Point the component at a YAML document with "sections:" to route items into it.
ERROR CL0533 Codex/items.cl.yaml
  placeholder "%heroName%" in the type of story card "MistypedType" on branch "open" — AID does not fill placeholders in a card’s type. It is a category, and Codex Loom also makes it a folder and file name in the compiled tree, so the raw text would become part of a path.
ERROR CL0420 Codex/items.cl.yaml
  no template found for item "MistypedType" (type: Character-%heroName%)
WARN CL0614 components/plot-essentials.cl.yaml
  slot "party" in Plot Essentials has no items on branch "open".
WARN CL0322 Codex/items.cl.yaml
  item "Ghost" has neither aid.type nor render.template
WARN CL0322 Codex/items.cl.yaml
  item "Silent" has neither aid.type nor render.template
ERROR CL0532 Codex/items.cl.yaml
  undeclared placeholder "%ghostName%" in story card "Greeter" on branch "gated" — Velvet Lattice substitutes only declared keys, so this reaches the AI as the literal text "%ghostName%".
  hint: Declared on this branch: heroName, altName, neverUsed.
ERROR CL0610 Codex/items.cl.yaml
  item "Ghost" resolves on branch "gated" but produces no output there: storyCard is false and no declared target placed it. Exclude it from the branch with "branches:" if that is what was meant.
ERROR CL0610 Codex/items.cl.yaml
  item "Silent" resolves on branch "gated" but produces no output there: storyCard is false and no declared target placed it. Exclude it from the branch with "branches:" if that is what was meant.
ERROR CL0611 Codex/items.cl.yaml
  item "Typo" targets slot "casst" in Plot Essentials on branch "gated", which declares no such slot. Declared here: cast, party.
ERROR CL0612 Codex/items.cl.yaml
  item "NotASlot" targets "genre" in Plot Essentials, which is a section but not a slot — only a section declaring "slot: true" can hold items.
ERROR CL0611 Codex/items.cl.yaml
  item "IntoPassthrough" targets slot "rules" in AI Instructions, which is prose copied verbatim and declares no slots. Point the component at a YAML document with "sections:" to route items into it.
ERROR CL0533 Codex/items.cl.yaml
  placeholder "%heroName%" in the type of story card "MistypedType" on branch "gated" — AID does not fill placeholders in a card’s type. It is a category, and Codex Loom also makes it a folder and file name in the compiled tree, so the raw text would become part of a path.
ERROR CL0420 Codex/items.cl.yaml
  no template found for item "MistypedType" (type: Character-%heroName%)
WARN CL0614 components/plot-essentials.cl.yaml
  slot "party" in Plot Essentials has no items on branch "gated".
WARN CL0534 compile.cl.yaml
  placeholder "%heroName%" in the title of branch "gated" — a branch title half-works. AID fills the prompt and shows the answer while the player is choosing, then keeps the raw placeholder text in the saved adventure’s title. Deliberate is possible; usually it is not.
ERROR CL0533 components/description.md
  placeholder "%heroName%" in the Description — AID does not fill placeholders in the Description. It is shown before any adventure exists to answer them, so the raw text is what a reader sees.
WARN CL0535 compile.cl.yaml
  placeholder "altName" is declared at the project root but no text beneath it references "%altName%" — the player is asked the question and the answer goes nowhere.
  hint: Declared at the project root, so this counts every branch.
WARN CL0535 compile.cl.yaml
  placeholder "neverUsed" is declared at the project root but no text beneath it references "%neverUsed%" — the player is asked the question and the answer goes nowhere.
  hint: Declared at the project root, so this counts every branch.
WARN CL0536 compile.cl.yaml
  placeholders "altName" and "heroName" ask the same question ("What is your name?"). AID treats identical question text as one placeholder, so the player is prompted once and every one of these keys receives that single answer.
  hint: If they are meant to be answered separately, give them different question text. If they are meant to share an answer, one key does it with no duplicate prompt to explain."
`;
