// Jest Snapshot v1, https://goo.gl/fbAQLP

exports[`pathological fixture a body key no field reads, deduped across leaves 1`] = `
"WARN CL0630 compile.cl.yaml
  branch "north" resolves no opening: and no adventureDescription:, so Velvet Lattice would start this leaf with an empty prompt. Give the branch an opening:, or one an ancestor passes down.
WARN CL0631 compile.cl.yaml
  branch "north" resolves no aiInstructions:. Velvet Lattice writes an empty-string AI Instructions on AID's side for it, and an empty string suppresses AID's model-default instructions rather than falling back to them — the leaf plays with none at all. Give the branch an aiInstructions:, or one an ancestor passes down.
WARN CL0630 compile.cl.yaml
  branch "south" resolves no opening: and no adventureDescription:, so Velvet Lattice would start this leaf with an empty prompt. Give the branch an opening:, or one an ancestor passes down.
WARN CL0631 compile.cl.yaml
  branch "south" resolves no aiInstructions:. Velvet Lattice writes an empty-string AI Instructions on AID's side for it, and an empty string suppresses AID's model-default instructions rather than falling back to them — the leaf plays with none at all. Give the branch an aiInstructions:, or one an ancestor passes down.
WARN CL0426 Codex/items.cl.yaml
  body key "strength" on item "Alba" is read by no template this item renders through and no declaration names it — its content is dropped from the compiled card; remove or declare and render the key, and the content stays dropped until fixed.
WARN CL0427 Codex/items.cl.yaml
  body key "homeland" on item "Cairn" is a declared field in group \`origin\`, which no template this item renders through includes — its content is dropped from the compiled card; include the field in a rendered template or remove it, and the content stays dropped until fixed.
WARN CL0428 templates/fields.cl.yaml
  field "deadField" is declared in the field table but no template names it, directly or through a group, so the declaration has no effect; remove it or reference it, and it remains unused until fixed."
`;

exports[`pathological fixture a committed manifest that disagrees with the config and the disk 1`] = `
"WARN CL0113
  Library "alpha" has no entry in manifest.json, so it cannot be checked as frozen; regenerate the snapshot manifest.
WARN CL0114
  Library "beta": snapshot/beta/extra.yaml has no entry in the manifest, so it is outside the freeze; remove it or regenerate the snapshot.
WARN CL0630 compile.cl.yaml
  branch "(root)" resolves no opening: and no adventureDescription:, so Velvet Lattice would start this leaf with an empty prompt. Give the branch an opening:, or one an ancestor passes down.
WARN CL0631 compile.cl.yaml
  branch "(root)" resolves no aiInstructions:. Velvet Lattice writes an empty-string AI Instructions on AID's side for it, and an empty string suppresses AID's model-default instructions rather than falling back to them — the leaf plays with none at all. Give the branch an aiInstructions:, or one an ancestor passes down."
`;

exports[`pathological fixture a hand-edited snapshot file aborts the load 1`] = `
"ERROR CL0115
  Library "main": snapshot/main/thing.yaml does not match its manifest hash, so the snapshot is corrupted and compilation stops; restore the file or regenerate the snapshot."
`;

exports[`pathological fixture config schema violations abort the load 1`] = `
"ERROR CL0201 compile.cl.yaml
  Unknown key "report" under "structure"; remove it or rename/move it to a supported location, or it is ignored.
  hint: "report" is not recognized, so it is ignored; rename it to "reports".
ERROR CL0210 compile.cl.yaml
  Unknown key "notesTemplate" at the top level; remove it or rename/move it to a supported location, or it is ignored.
  hint: "notesTemplate" is valid under "render:" — move it there so the compiler reads it; until then, it is ignored here.
ERROR CL0201 compile.cl.yaml
  Unknown key "placeholder" at the top level; remove it or rename/move it to a supported location, or it is ignored.
  hint: "placeholder" is not recognized, so it is ignored; rename it to "placeholders"."
`;

exports[`pathological fixture placement invariants and latent placeholder content 1`] = `
"WARN CL0326 Codex/items.cl.yaml
  importVariants selector "wrm" matched none of the 3 items included from lore.cl.yaml. No item defines that variant, so the selector changes nothing; check the spelling or add the variant to an included item.
WARN CL0327 Codex/items.cl.yaml (branch open)
  branch spec maps '*' to ~. The compiler skips that null wildcard, so the item stays included everywhere. Use '_: ~' as the catch-all to exclude branches you did not name.
WARN CL0328 Codex/items.cl.yaml (branch open)
  field "DriftedOp.Tagline" operation "-{in a controlled bun}" targets "in a controlled bun", which the current value does not contain — it removes and replaces nothing. A \`-{}\` or \`/{}/{}\` that matches nothing is always a mistake: usually the text it was written against has drifted. Check the value, or drop the op.
ERROR CL0325 Codex/items.cl.yaml
  two item definitions resolve to id "anchor" on this branch.
  hint: A def carrying \`import:\` with no \`id:\` of its own claims the id of the item it imports, so two of them — or one alongside an explicit def of that id — emit the same item twice. Give one of them its own \`id:\` to make it a copy (§17.4), or dispatch them to different branches.
ERROR CL0532 Codex/items.cl.yaml
  undeclared placeholder "%ghostName%" in item "Greeter" rendering into plotEssential slot "cast" on branch "open" — Velvet Lattice substitutes only declared keys, so the AI receives the literal token until you declare or correct "%ghostName%".
  hint: Declared on this branch: heroName, altName, neverUsed, longPrompt.
ERROR CL0532 Codex/items.cl.yaml
  undeclared placeholder "%ghostName%" in story card "Greeter" on branch "open" — Velvet Lattice substitutes only declared keys, so the AI receives the literal token until you declare or correct "%ghostName%".
  hint: Declared on this branch: heroName, altName, neverUsed, longPrompt.
ERROR CL0610 Codex/items.cl.yaml
  item "Silent" resolves on branch "open" but produces no output there: storyCard is false and no declared target placed it. Exclude it from the branch with "branches:" if that is what was meant.
ERROR CL0609 Codex/items.cl.yaml
  item "EmptyPlacement" reaches plotEssential slot "party" on branch "open" but its body renders to nothing there. Exclude it from the branch with "branches:" if that is what was meant.
ERROR CL0609 Codex/items.cl.yaml
  story card "EmptyCardBody" on branch "open" renders an empty body: template "EmptyBody" reads no key this item carries. Use "kind: reference" if the card is triggers and notes only.
ERROR CL0611 Codex/items.cl.yaml
  item "Typo" targets slot "casst" in Plot Essentials on branch "open", which declares no such slot. Declared here: cast, party. Correct slot: or declare it.
ERROR CL0612 Codex/items.cl.yaml
  item "NotASlot" targets "genre" in Plot Essentials, which is a section but not a slot — only a section declaring "slot: true" can hold items. Add "slot: true" or target a real slot.
ERROR CL0611 Codex/items.cl.yaml
  item "IntoPassthrough" targets slot "rules" in AI Instructions, which is prose copied verbatim and declares no slots. Point the component at a YAML document with "sections:" to route items into it.
ERROR CL0533 Codex/items.cl.yaml
  placeholder "%heroName%" in the type of story card "MistypedType" on branch "open" — AID does not fill placeholders in a card’s type. It is a category, and Codex Loom also makes it a folder and file name in the compiled tree, so the raw text would become part of a path.
ERROR CL0420 Codex/items.cl.yaml
  no template found for item "MistypedType" (type: Character-%heroName%); add or select the template, and the item remains unrendered until fixed.
ERROR CL0622 Codex/items.cl.yaml
  story cards named "Anchor" collide on branch "open" (both as character). Velvet Lattice merges story cards by name, so only one survives to AID and which one is position-dependent under inheritance. Give them distinct names.
ERROR CL0712 Codex/items.cl.yaml
  Story card body for "Bloated" is 2,101 characters on upload (limit 2,000).
  hint: AID truncates rather than refusing, so this ships shortened and the loss shows up during play.
WARN CL0713 Codex/items.cl.yaml
  Story card body for "Ledger" is 1,881 characters on upload, within 119 of the 2,000 limit.
ERROR CL0714 Codex/items.cl.yaml
  Notes for "Verbose" is 10,051 characters on upload (limit 10,000). Compiled length is 9,466; 9 placeholder references add 585 characters when Velvet Lattice expands them to their question text on upload.
  hint: AID truncates rather than refusing, so this ships shortened and the loss shows up during play.
ERROR CL0413 templates/Broken.template
  Malformed join() call in Broken: Malformed join(): join($body.Tagline); correct the call syntax, and the malformed call remains literal until fixed.
ERROR CL0415 templates/Unclosed.template
  Unclosed {if $body.Tagline} block; close the block, and the opening tag remains literal until fixed.
ERROR CL0433 Codex/items.cl.yaml
  compiled output contains leaked template tag {if $body.Tagline}; close or correct the source tag, and it remains in output until fixed in item "UnclosedBlock" (character)
ERROR CL0541 (branch open)
  "Anchor" is both a declared role and an item id, which is ambiguous — rename the role or item; the token remains unresolved until fixed.
ERROR CL0542 (branch open)
  role "Missing" is bound to "NoSuchItem", which does not resolve on this branch; bind it to an available item or adjust branch scope.
ERROR CL0540 (branch open)
  "{$Missing}" does not resolve to a declared role or a known item id, so the token remains unresolved until you correct the name. Roles declared in scope: LI, Anchor, Missing, Loop.
ERROR CL0543 (branch open)
  role "Loop" is bound to "LI", which is itself a role — bind it directly to an item id; its tokens remain unresolved until fixed.
ERROR CL0540 (branch open)
  "{$Loop}" does not resolve to a declared role or a known item id, so the token remains unresolved until you correct the name. Roles declared in scope: LI, Anchor, Missing, Loop.
ERROR CL0540 (branch open)
  "{$Undeclared}" does not resolve to a declared role or a known item id, so the token remains unresolved until you correct the name. Roles declared in scope: LI, Anchor, Missing, Loop.
ERROR CL0430 Codex/items.cl.yaml
  compiled output contains unresolved token {$Missing}; fix the authoring reference or resolver input, and the token remains in output until fixed in item "RoleTester" (character)
ERROR CL0430 Codex/items.cl.yaml
  compiled output contains unresolved token {$Loop}; fix the authoring reference or resolver input, and the token remains in output until fixed in item "RoleTester" (character)
ERROR CL0430 Codex/items.cl.yaml
  compiled output contains unresolved token {$Undeclared}; fix the authoring reference or resolver input, and the token remains in output until fixed in item "RoleTester" (character)
WARN CL0715 Codex/items.cl.yaml
  Notes for "Chatty" is 9,189 characters on upload, within 811 of the 10,000 limit. Compiled length is 8,864; 5 placeholder references add 325 characters when Velvet Lattice expands them to their question text on upload.
WARN CL0614 components/plot-essentials.cl.yaml
  slot "party" in Plot Essentials has no items on branch "open". Add or route an item.
WARN CL0711 components/opening-open.md
  Opening for branch "open" is 3,626 characters on upload, within 374 of the 4,000 limit. Compiled length is 3,301; 5 placeholder references add 325 characters when Velvet Lattice expands them to their question text on upload.
WARN CL0326 canon/rumors.cl.yaml
  branch dispatch to variant "hshed" on branch "gated" matched none of the 3 items included from rumors.cl.yaml. No included item defines that variant, so the dispatch changes nothing; check the spelling or add the variant to an included item.
ERROR CL0325 Codex/items.cl.yaml
  two item definitions resolve to id "anchor" on this branch.
  hint: A def carrying \`import:\` with no \`id:\` of its own claims the id of the item it imports, so two of them — or one alongside an explicit def of that id — emit the same item twice. Give one of them its own \`id:\` to make it a copy (§17.4), or dispatch them to different branches.
ERROR CL0532 Codex/items.cl.yaml
  undeclared placeholder "%ghostName%" in story card "Greeter" on branch "gated" — Velvet Lattice substitutes only declared keys, so the AI receives the literal token until you declare or correct "%ghostName%".
  hint: Declared on this branch: heroName, altName, neverUsed, longPrompt.
ERROR CL0610 Codex/items.cl.yaml
  item "Ghost" resolves on branch "gated" but produces no output there: storyCard is false and no declared target placed it. Exclude it from the branch with "branches:" if that is what was meant.
ERROR CL0610 Codex/items.cl.yaml
  item "Silent" resolves on branch "gated" but produces no output there: storyCard is false and no declared target placed it. Exclude it from the branch with "branches:" if that is what was meant.
ERROR CL0609 Codex/items.cl.yaml
  item "EmptyPlacement" reaches plotEssential slot "party" on branch "gated" but its body renders to nothing there. Exclude it from the branch with "branches:" if that is what was meant.
ERROR CL0609 Codex/items.cl.yaml
  story card "EmptyCardBody" on branch "gated" renders an empty body: template "EmptyBody" reads no key this item carries. Use "kind: reference" if the card is triggers and notes only.
ERROR CL0611 Codex/items.cl.yaml
  item "Typo" targets slot "casst" in Plot Essentials on branch "gated", which declares no such slot. Declared here: cast, party. Correct slot: or declare it.
ERROR CL0612 Codex/items.cl.yaml
  item "NotASlot" targets "genre" in Plot Essentials, which is a section but not a slot — only a section declaring "slot: true" can hold items. Add "slot: true" or target a real slot.
ERROR CL0611 Codex/items.cl.yaml
  item "IntoPassthrough" targets slot "rules" in AI Instructions, which is prose copied verbatim and declares no slots. Point the component at a YAML document with "sections:" to route items into it.
ERROR CL0533 Codex/items.cl.yaml
  placeholder "%heroName%" in the type of story card "MistypedType" on branch "gated" — AID does not fill placeholders in a card’s type. It is a category, and Codex Loom also makes it a folder and file name in the compiled tree, so the raw text would become part of a path.
ERROR CL0420 Codex/items.cl.yaml
  no template found for item "MistypedType" (type: Character-%heroName%); add or select the template, and the item remains unrendered until fixed.
ERROR CL0622 Codex/items.cl.yaml
  story cards named "Anchor" collide on branch "gated" (both as character). Velvet Lattice merges story cards by name, so only one survives to AID and which one is position-dependent under inheritance. Give them distinct names.
ERROR CL0712 Codex/items.cl.yaml
  Story card body for "Bloated" is 2,101 characters on upload (limit 2,000).
  hint: AID truncates rather than refusing, so this ships shortened and the loss shows up during play.
WARN CL0713 Codex/items.cl.yaml
  Story card body for "Ledger" is 1,881 characters on upload, within 119 of the 2,000 limit.
ERROR CL0714 Codex/items.cl.yaml
  Notes for "Verbose" is 10,051 characters on upload (limit 10,000). Compiled length is 9,466; 9 placeholder references add 585 characters when Velvet Lattice expands them to their question text on upload.
  hint: AID truncates rather than refusing, so this ships shortened and the loss shows up during play.
ERROR CL0413 templates/Broken.template
  Malformed join() call in Broken: Malformed join(): join($body.Tagline); correct the call syntax, and the malformed call remains literal until fixed.
ERROR CL0415 templates/Unclosed.template
  Unclosed {if $body.Tagline} block; close the block, and the opening tag remains literal until fixed.
ERROR CL0433 Codex/items.cl.yaml
  compiled output contains leaked template tag {if $body.Tagline}; close or correct the source tag, and it remains in output until fixed in item "UnclosedBlock" (character)
ERROR CL0541 (branch gated)
  "Anchor" is both a declared role and an item id, which is ambiguous — rename the role or item; the token remains unresolved until fixed.
ERROR CL0542 (branch gated)
  role "Missing" is bound to "NoSuchItem", which does not resolve on this branch; bind it to an available item or adjust branch scope.
ERROR CL0540 (branch gated)
  "{$Missing}" does not resolve to a declared role or a known item id, so the token remains unresolved until you correct the name. Roles declared in scope: LI, Anchor, Missing, Loop.
ERROR CL0543 (branch gated)
  role "Loop" is bound to "LI", which is itself a role — bind it directly to an item id; its tokens remain unresolved until fixed.
ERROR CL0540 (branch gated)
  "{$Loop}" does not resolve to a declared role or a known item id, so the token remains unresolved until you correct the name. Roles declared in scope: LI, Anchor, Missing, Loop.
ERROR CL0540 (branch gated)
  "{$Undeclared}" does not resolve to a declared role or a known item id, so the token remains unresolved until you correct the name. Roles declared in scope: LI, Anchor, Missing, Loop.
ERROR CL0430 Codex/items.cl.yaml
  compiled output contains unresolved token {$Missing}; fix the authoring reference or resolver input, and the token remains in output until fixed in item "RoleTester" (character)
ERROR CL0430 Codex/items.cl.yaml
  compiled output contains unresolved token {$Loop}; fix the authoring reference or resolver input, and the token remains in output until fixed in item "RoleTester" (character)
ERROR CL0430 Codex/items.cl.yaml
  compiled output contains unresolved token {$Undeclared}; fix the authoring reference or resolver input, and the token remains in output until fixed in item "RoleTester" (character)
WARN CL0715 Codex/items.cl.yaml
  Notes for "Chatty" is 9,189 characters on upload, within 811 of the 10,000 limit. Compiled length is 8,864; 5 placeholder references add 325 characters when Velvet Lattice expands them to their question text on upload.
WARN CL0614 components/plot-essentials.cl.yaml
  slot "party" in Plot Essentials has no items on branch "gated". Add or route an item.
ERROR CL0710 components/opening-gated.md
  Opening for branch "gated" is 4,021 characters on upload (limit 4,000). Compiled length is 3,501; 8 placeholder references add 520 characters when Velvet Lattice expands them to their question text on upload.
  hint: AID truncates rather than refusing, so this ships shortened and the loss shows up during play.
ERROR CL0325 Codex/items.cl.yaml
  two item definitions resolve to id "anchor" on this branch.
  hint: A def carrying \`import:\` with no \`id:\` of its own claims the id of the item it imports, so two of them — or one alongside an explicit def of that id — emit the same item twice. Give one of them its own \`id:\` to make it a copy (§17.4), or dispatch them to different branches.
ERROR CL0629 components/adventure-description.cl.yaml
  "Adventure Description" declares advanced: in metadata:, which belongs to the scenario blurb only. Move those keys to the scenario blurb.
  hint: Velvet Lattice reads both keys at the root and nowhere else, so they do nothing at a leaf today. AID has no markdown description for an adventure, and if it gains one this frontmatter would set a field the player cannot change. Move them to the Description component; other metadata keys are fine here.
ERROR CL0532 Codex/items.cl.yaml
  undeclared placeholder "%ghostName%" in item "Greeter" rendering into plotEssential slot "cast" on branch "silent" — Velvet Lattice substitutes only declared keys, so the AI receives the literal token until you declare or correct "%ghostName%".
  hint: Declared on this branch: heroName, altName, neverUsed, longPrompt.
ERROR CL0532 Codex/items.cl.yaml
  undeclared placeholder "%ghostName%" in story card "Greeter" on branch "silent" — Velvet Lattice substitutes only declared keys, so the AI receives the literal token until you declare or correct "%ghostName%".
  hint: Declared on this branch: heroName, altName, neverUsed, longPrompt.
ERROR CL0610 Codex/items.cl.yaml
  item "Silent" resolves on branch "silent" but produces no output there: storyCard is false and no declared target placed it. Exclude it from the branch with "branches:" if that is what was meant.
ERROR CL0609 Codex/items.cl.yaml
  item "EmptyPlacement" reaches plotEssential slot "party" on branch "silent" but its body renders to nothing there. Exclude it from the branch with "branches:" if that is what was meant.
ERROR CL0609 Codex/items.cl.yaml
  story card "EmptyCardBody" on branch "silent" renders an empty body: template "EmptyBody" reads no key this item carries. Use "kind: reference" if the card is triggers and notes only.
ERROR CL0611 Codex/items.cl.yaml
  item "Typo" targets slot "casst" in Plot Essentials on branch "silent", which declares no such slot. Declared here: cast, party. Correct slot: or declare it.
ERROR CL0612 Codex/items.cl.yaml
  item "NotASlot" targets "genre" in Plot Essentials, which is a section but not a slot — only a section declaring "slot: true" can hold items. Add "slot: true" or target a real slot.
ERROR CL0611 Codex/items.cl.yaml
  item "IntoPassthrough" targets slot "rules" in AI Instructions, which is prose copied verbatim and declares no slots. Point the component at a YAML document with "sections:" to route items into it.
ERROR CL0533 Codex/items.cl.yaml
  placeholder "%heroName%" in the type of story card "MistypedType" on branch "silent" — AID does not fill placeholders in a card’s type. It is a category, and Codex Loom also makes it a folder and file name in the compiled tree, so the raw text would become part of a path.
ERROR CL0420 Codex/items.cl.yaml
  no template found for item "MistypedType" (type: Character-%heroName%); add or select the template, and the item remains unrendered until fixed.
ERROR CL0622 Codex/items.cl.yaml
  story cards named "Anchor" collide on branch "silent" (both as character). Velvet Lattice merges story cards by name, so only one survives to AID and which one is position-dependent under inheritance. Give them distinct names.
ERROR CL0712 Codex/items.cl.yaml
  Story card body for "Bloated" is 2,101 characters on upload (limit 2,000).
  hint: AID truncates rather than refusing, so this ships shortened and the loss shows up during play.
WARN CL0713 Codex/items.cl.yaml
  Story card body for "Ledger" is 1,881 characters on upload, within 119 of the 2,000 limit.
ERROR CL0714 Codex/items.cl.yaml
  Notes for "Verbose" is 10,051 characters on upload (limit 10,000). Compiled length is 9,466; 9 placeholder references add 585 characters when Velvet Lattice expands them to their question text on upload.
  hint: AID truncates rather than refusing, so this ships shortened and the loss shows up during play.
ERROR CL0413 templates/Broken.template
  Malformed join() call in Broken: Malformed join(): join($body.Tagline); correct the call syntax, and the malformed call remains literal until fixed.
ERROR CL0415 templates/Unclosed.template
  Unclosed {if $body.Tagline} block; close the block, and the opening tag remains literal until fixed.
ERROR CL0433 Codex/items.cl.yaml
  compiled output contains leaked template tag {if $body.Tagline}; close or correct the source tag, and it remains in output until fixed in item "UnclosedBlock" (character)
ERROR CL0541 (branch silent)
  "Anchor" is both a declared role and an item id, which is ambiguous — rename the role or item; the token remains unresolved until fixed.
ERROR CL0542 (branch silent)
  role "Missing" is bound to "NoSuchItem", which does not resolve on this branch; bind it to an available item or adjust branch scope.
ERROR CL0540 (branch silent)
  "{$Missing}" does not resolve to a declared role or a known item id, so the token remains unresolved until you correct the name. Roles declared in scope: LI, Anchor, Missing, Loop.
ERROR CL0543 (branch silent)
  role "Loop" is bound to "LI", which is itself a role — bind it directly to an item id; its tokens remain unresolved until fixed.
ERROR CL0540 (branch silent)
  "{$Loop}" does not resolve to a declared role or a known item id, so the token remains unresolved until you correct the name. Roles declared in scope: LI, Anchor, Missing, Loop.
ERROR CL0540 (branch silent)
  "{$Undeclared}" does not resolve to a declared role or a known item id, so the token remains unresolved until you correct the name. Roles declared in scope: LI, Anchor, Missing, Loop.
ERROR CL0430 Codex/items.cl.yaml
  compiled output contains unresolved token {$Missing}; fix the authoring reference or resolver input, and the token remains in output until fixed in item "RoleTester" (character)
ERROR CL0430 Codex/items.cl.yaml
  compiled output contains unresolved token {$Loop}; fix the authoring reference or resolver input, and the token remains in output until fixed in item "RoleTester" (character)
ERROR CL0430 Codex/items.cl.yaml
  compiled output contains unresolved token {$Undeclared}; fix the authoring reference or resolver input, and the token remains in output until fixed in item "RoleTester" (character)
WARN CL0715 Codex/items.cl.yaml
  Notes for "Chatty" is 9,189 characters on upload, within 811 of the 10,000 limit. Compiled length is 8,864; 5 placeholder references add 325 characters when Velvet Lattice expands them to their question text on upload.
WARN CL0614 components/plot-essentials.cl.yaml
  slot "party" in Plot Essentials has no items on branch "silent". Add or route an item.
WARN CL0534 compile.cl.yaml
  placeholder "%heroName%" in the title of branch "gated" — a branch title half-works. AID fills the prompt and shows the answer while the player is choosing, then keeps the raw placeholder text in the saved adventure’s title. Deliberate is possible; usually it is not.
ERROR CL0533 components/description.md
  placeholder "%heroName%" in the Description — AID does not fill placeholders in the Description. It is shown before any adventure exists to answer them, so the raw text is what a reader sees.
ERROR CL0616 compile.cl.yaml
  branch "silent" has an adventure description and no Opening.md. Velvet Lattice reads a node's prompt as its Opening or, failing that, its description — so this leaf would open the adventure with its own blurb rather than a scene. Give the branch an opening:, or drop the adventureDescription: it inherits.
WARN CL0545 compile.cl.yaml
  role "LI" is declared at the project root but no resolved token references it, so its binding has no effect; use or remove the role.
WARN CL0545 compile.cl.yaml
  role "Anchor" is declared at the project root but no resolved token references it, so its binding has no effect; use or remove the role.
WARN CL0545 compile.cl.yaml
  role "Missing" is declared at the project root but no resolved token references it, so its binding has no effect; use or remove the role.
WARN CL0545 compile.cl.yaml
  role "Loop" is declared at the project root but no resolved token references it, so its binding has no effect; use or remove the role.
WARN CL0535 compile.cl.yaml
  placeholder "altName" is declared at the project root but no text beneath it references "%altName%" — the player is asked a question whose answer goes nowhere; use or remove the key.
  hint: Declared at the project root, so this counts every branch.
WARN CL0535 compile.cl.yaml
  placeholder "neverUsed" is declared at the project root but no text beneath it references "%neverUsed%" — the player is asked a question whose answer goes nowhere; use or remove the key.
  hint: Declared at the project root, so this counts every branch.
WARN CL0536 compile.cl.yaml
  placeholders "altName" and "heroName" ask the same question ("What is your name?"). AID treats identical question text as one placeholder, so the player is prompted once and every key receives one shared answer; differentiate or merge the keys.
  hint: If they are meant to be answered separately, give them different question text. If they are meant to share an answer, one key does it with no duplicate prompt to explain."
`;

exports[`pathological fixture two cards share a name across types 1`] = `
"ERROR CL0622 Codex/items.cl.yaml
  story cards named "Shared Name" collide on branch "main" (character in items.cl.yaml and location in items.cl.yaml). Velvet Lattice merges story cards by name, so only one survives to AID and which one is position-dependent under inheritance. Give them distinct names.
WARN CL0630 compile.cl.yaml
  branch "main" resolves no opening: and no adventureDescription:, so Velvet Lattice would start this leaf with an empty prompt. Give the branch an opening:, or one an ancestor passes down.
WARN CL0631 compile.cl.yaml
  branch "main" resolves no aiInstructions:. Velvet Lattice writes an empty-string AI Instructions on AID's side for it, and an empty string suppresses AID's model-default instructions rather than falling back to them — the leaf plays with none at all. Give the branch an aiInstructions:, or one an ancestor passes down.
WARN CL0628 Codex/items.cl.yaml
  aid.type " Gadget" has leading whitespace; writing it as "Gadget". Remove the whitespace.
  hint: A leading space survives in a directory name, so the type would reach AI Dungeon as a category whose name differs from the obvious one by an invisible character.
ERROR CL0626 Codex/items.cl.yaml
  aid.type values "Widget" and "widget" differ only by case, and are written to the same file on a case-insensitive filesystem. Rename one type.
  hint: Story Cards/{type}/{type}.md is one path for all of them on Windows and macOS, so the group written last overwrites the others and their cards never reach AI Dungeon. Pick one spelling."
`;
